
> optisaas@0.0.0 build
> ng build

[33mÔØ»[39m Building...
[32mÔ£ö[39m Building...
[1mInitial chunk files[22m[2m | [22m[1mNames[22m                            [2m | [22m [1mRaw size[22m[2m | [22m[1mEstimated transfer size[22m
[32mchunk-UKO6BYZN.js[39m  [2m | [22m[2m-[22m                                [2m | [22m[36m250.52 kB[39m[2m | [22m               [36m71.47 kB[39m
[32mchunk-DORPSEER.js[39m  [2m | [22m[2m-[22m                                [2m | [22m [36m80.55 kB[39m[2m | [22m               [36m19.99 kB[39m
[32mstyles-YQYEYOKY.css[39m[2m | [22m[2mstyles[22m                           [2m | [22m [36m74.15 kB[39m[2m | [22m                [36m7.63 kB[39m
[32mchunk-BG3KMMMD.js[39m  [2m | [22m[2m-[22m                                [2m | [22m [36m57.45 kB[39m[2m | [22m               [36m13.36 kB[39m
[32mchunk-6SK5CIKC.js[39m  [2m | [22m[2m-[22m                                [2m | [22m [36m57.29 kB[39m[2m | [22m                [36m9.57 kB[39m
[32mchunk-WNQMOGCO.js[39m  [2m | [22m[2m-[22m                                [2m | [22m [36m47.71 kB[39m[2m | [22m                [36m9.40 kB[39m
[32mchunk-WAAN4APZ.js[39m  [2m | [22m[2m-[22m                                [2m | [22m [36m38.44 kB[39m[2m | [22m               [36m10.18 kB[39m
[32mmain-YMRNKJKO.js[39m   [2m | [22m[2mmain[22m                             [2m | [22m [36m29.11 kB[39m[2m | [22m                [36m9.08 kB[39m
[32mchunk-CGG6ZT3C.js[39m  [2m | [22m[2m-[22m                                [2m | [22m [36m28.05 kB[39m[2m | [22m                [36m8.02 kB[39m
[32mchunk-H4EKI446.js[39m  [2m | [22m[2m-[22m                                [2m | [22m [36m21.02 kB[39m[2m | [22m                [36m4.66 kB[39m
[32mchunk-HZHIDBUQ.js[39m  [2m | [22m[2m-[22m                                [2m | [22m [36m12.39 kB[39m[2m | [22m                [36m3.78 kB[39m
[32mchunk-4ICV3KPC.js[39m  [2m | [22m[2m-[22m                                [2m | [22m  [36m6.47 kB[39m[2m | [22m                [36m2.40 kB[39m
[32mchunk-HZ6M6AS2.js[39m  [2m | [22m[2m-[22m                                [2m | [22m  [36m1.32 kB[39m[2m | [22m              [36m570 bytes[39m
[32mchunk-RCN6KBXM.js[39m  [2m | [22m[2m-[22m                                [2m | [22m  [36m1.24 kB[39m[2m | [22m              [36m443 bytes[39m
[32mchunk-LMXXYJHG.js[39m  [2m | [22m[2m-[22m                                [2m | [22m  [36m1.01 kB[39m[2m | [22m                [36m1.01 kB[39m
[32mchunk-SDH4MLGD.js[39m  [2m | [22m[2m-[22m                                [2m | [22m[36m881 bytes[39m[2m | [22m              [36m881 bytes[39m
[32mchunk-PKGEQSB6.js[39m  [2m | [22m[2m-[22m                                [2m | [22m[36m187 bytes[39m[2m | [22m              [36m187 bytes[39m

[1m [22m                  [2m | [22m[1mInitial total[22m                    [2m | [22m[1m[93m707.79 kB[39m[22m[2m | [22m              [1m172.63 kB[22m

[1mLazy chunk files[22m   [2m | [22m[1mNames[22m                            [2m | [22m [1mRaw size[22m[2m | [22m[1mEstimated transfer size[22m
[32mchunk-6TLGEPVM.js[39m  [2m | [22m[2mprivate-layout-component[22m         [2m | [22m[36m135.76 kB[39m[2m | [22m               [36m29.78 kB[39m
[32mchunk-N7WLIL37.js[39m  [2m | [22m[2mmonture-form-component[22m           [2m | [22m[36m113.38 kB[39m[2m | [22m               [36m21.06 kB[39m
[32mchunk-4X4OLAZM.js[39m  [2m | [22m[2mvirtual-centering-modal-component[22m[2m | [22m [36m99.00 kB[39m[2m | [22m               [36m27.81 kB[39m
[32mchunk-5GSMUG6Z.js[39m  [2m | [22m[2m-[22m                                [2m | [22m [36m90.21 kB[39m[2m | [22m               [36m16.69 kB[39m
[32mchunk-PGPEMFPR.js[39m  [2m | [22m[2m-[22m                                [2m | [22m [36m69.45 kB[39m[2m | [22m               [36m12.85 kB[39m
[32mchunk-TEEYM7RQ.js[39m  [2m | [22m[2m-[22m                                [2m | [22m [36m56.18 kB[39m[2m | [22m               [36m12.84 kB[39m
[32mchunk-D7VHYACT.js[39m  [2m | [22m[2mclient-form-component[22m            [2m | [22m [36m48.71 kB[39m[2m | [22m               [36m10.97 kB[39m
[32mchunk-G54H5AEL.js[39m  [2m | [22m[2m-[22m                                [2m | [22m [36m45.91 kB[39m[2m | [22m                [36m7.42 kB[39m
[32mchunk-GFSVWIYZ.js[39m  [2m | [22m[2m-[22m                                [2m | [22m [36m40.47 kB[39m[2m | [22m                [36m8.69 kB[39m
[32mchunk-WVB4ORIA.js[39m  [2m | [22m[2m-[22m                                [2m | [22m [36m34.99 kB[39m[2m | [22m                [36m8.66 kB[39m
[32mchunk-6XJZTWTP.js[39m  [2m | [22m[2mclient-detail-component[22m          [2m | [22m [36m31.27 kB[39m[2m | [22m                [36m6.86 kB[39m
[32mchunk-XQDZQEMO.js[39m  [2m | [22m[2muser-management-routes[22m           [2m | [22m [36m30.83 kB[39m[2m | [22m                [36m7.83 kB[39m
[32mchunk-2EEWF7AZ.js[39m  [2m | [22m[2m-[22m                                [2m | [22m [36m29.12 kB[39m[2m | [22m                [36m6.90 kB[39m
[32mchunk-ZFHNJBD2.js[39m  [2m | [22m[2m-[22m                                [2m | [22m [36m28.41 kB[39m[2m | [22m                [36m4.67 kB[39m
[32mchunk-4LLO6DJF.js[39m  [2m | [22m[2mproduct-form-component[22m           [2m | [22m [36m22.11 kB[39m[2m | [22m                [36m5.15 kB[39m
[2m...and 29 more lazy chunks files. Use "--verbose" to show all the files.[22m

Application bundle generation failed. [13.068 seconds] - 2025-12-10T17:30:32.652Z

node.exe : [1m[33m[33mÔû▓ 
[43;33m[[43;30mWARNING[43;33m][0m [1mbundle 
initial exceeded maximum budget. Budget 500.00 kB was 
not met by 207.79 kB with a total of 707.79 kB.[0m
Au caractère Ligne:1 : 1
+ & "C:\Program Files\nodejs/node.exe" "C:\Program 
Files\nodejs/node_mo ...
+ ~~~~~~~~~~~~~~~~~~~~~~~~~~~~~~~~~~~~~~~~~~~~~~~~~~~~~
~~~~~~~~~~~~~~~~
    + CategoryInfo          : NotSpecified: ([1m[33m 
   [33mÔ... 707.79 kB.[0m:String) [], RemoteExcepti  
  on
    + FullyQualifiedErrorId : NativeCommandError
 


[33mÔû▓ [43;33m[[43;30mWARNING[43;33m][0m [1msrc/
app/features/client-management/fiches/monture-form/mont
ure-form.component.scss exceeded maximum budget. 
Budget 4.00 kB was not met by 19.21 kB with a total of 
23.21 kB.[0m


[33mÔû▓ [43;33m[[43;30mWARNING[43;33m][0m [1msrc/
app/features/client-management/client-detail/client-det
ail.component.scss exceeded maximum budget. Budget 
4.00 kB was not met by 797 bytes with a total of 4.80 
kB.[0m


[33mÔû▓ [43;33m[[43;30mWARNING[43;33m][0m 
[1mModule 'tesseract.js' used by 'src/app/features/cli
ent-management/utils/ocr-extractor.ts' is not ESM[0m

  CommonJS or AMD dependencies can cause optimization 
bailouts.
  For more information see: [4mhttps://angular.dev/too
ls/cli/build#configuring-commonjs-dependencies[0m


[33mÔû▓ [43;33m[[43;30mWARNING[43;33m][0m 
[1mModule '@mediapipe/face_mesh' used by 'src/app/feat
ures/measurement/services/mediapipe-engine.service.ts' 
is not ESM[0m

  CommonJS or AMD dependencies can cause optimization 
bailouts.
  For more information see: [4mhttps://angular.dev/too
ls/cli/build#configuring-commonjs-dependencies[0m


[33mÔû▓ [43;33m[[43;30mWARNING[43;33m][0m 
[1mModule '@mediapipe/camera_utils' used by 'src/app/f
eatures/measurement/services/mediapipe-engine.service.t
s' is not ESM[0m

  CommonJS or AMD dependencies can cause optimization 
bailouts.
  For more information see: [4mhttps://angular.dev/too
ls/cli/build#configuring-commonjs-dependencies[0m

[39m[22m
[1m[31m[31mX [41;31m[[41;97mERROR[41;31m][0m [1
msrc/app/features/client-management/fiches/monture-form
/monture-form.component.scss exceeded maximum budget. 
Budget 8.00 kB was not met by 15.21 kB with a total of 
23.21 kB.[0m

[39m[22m
