[33mÔØ»[39m Building...
[32mÔ£ö[39m Building...
Application bundle generation failed. [5.332 seconds] - 2025-12-01T22:52:08.723Z

node.exe : [1m[31m[31mX 
[41;31m[[41;97mERROR[41;31m][0m [1mNG5002: 
Unexpected closing tag "div". It may happen when the 
tag has already been closed by another tag. For more 
info see https://www.w3.org/TR/html5/syntax.html#closing
-elements-that-have-implied-end-tags[0m 
[1m[35m[plugin angular-compiler][0m
Au caractère Ligne:1 : 1
+ & "C:\Program Files\nodejs/node.exe" "C:\Program 
Files\nodejs/node_mo ...
+ ~~~~~~~~~~~~~~~~~~~~~~~~~~~~~~~~~~~~~~~~~~~~~~~~~~~~~~
~~~~~~~~~~~~~~~
    + CategoryInfo          : NotSpecified: ([1m[31m 
   [31mX...r-compiler][0m:String) [], RemoteException
    + FullyQualifiedErrorId : NativeCommandError
 

    src/app/features/client-management/client-form/clien
t-form.component.html:213:28:
[37m      213 Ôöé                             
[32m</div>[37m
          ÔòÁ                             
[32m~~~~~~[0m

  Error occurs in the template of component 
ClientFormComponent.

    src/app/features/client-management/client-form/clien
t-form.component.ts:48:15:
[37m      48 Ôöé   templateUrl: 
[32m'./client-form.component.html'[37m,
         ÔòÁ                
[32m~~~~~~~~~~~~~~~~~~~~~~~~~~~~~~[0m


[31mX [41;31m[[41;97mERROR[41;31m][0m [1mNG5002: 
Unexpected closing block. The block may have been 
closed earlier. If you meant to write the } character, 
you should use the "&#125;" HTML entity instead.[0m 
[1m[35m[plugin angular-compiler][0m

    src/app/features/client-management/client-form/clien
t-form.component.html:445:28:
[37m      445 Ôöé                             
[32m}[37m
          ÔòÁ                             [32m^[0m

  Error occurs in the template of component 
ClientFormComponent.

    src/app/features/client-management/client-form/clien
t-form.component.ts:48:15:
[37m      48 Ôöé   templateUrl: 
[32m'./client-form.component.html'[37m,
         ÔòÁ                
[32m~~~~~~~~~~~~~~~~~~~~~~~~~~~~~~[0m


[31mX [41;31m[[41;97mERROR[41;31m][0m [1mNG5002: 
Unexpected closing tag "button". It may happen when the 
tag has already been closed by another tag. For more 
info see https://www.w3.org/TR/html5/syntax.html#closing
-elements-that-have-implied-end-tags[0m 
[1m[35m[plugin angular-compiler][0m

    src/app/features/client-management/client-form/clien
t-form.component.html:447:28:
[37m      447 Ôöé                             
[32m</button>[37m
          ÔòÁ                             
[32m~~~~~~~~~[0m

  Error occurs in the template of component 
ClientFormComponent.

    src/app/features/client-management/client-form/clien
t-form.component.ts:48:15:
[37m      48 Ôöé   templateUrl: 
[32m'./client-form.component.html'[37m,
         ÔòÁ                
[32m~~~~~~~~~~~~~~~~~~~~~~~~~~~~~~[0m


[31mX [41;31m[[41;97mERROR[41;31m][0m [1mNG5002: 
Unexpected closing tag "div". It may happen when the 
tag has already been closed by another tag. For more 
info see https://www.w3.org/TR/html5/syntax.html#closing
-elements-that-have-implied-end-tags[0m 
[1m[35m[plugin angular-compiler][0m

    src/app/features/client-management/client-form/clien
t-form.component.html:448:24:
[37m      448 Ôöé                         
[32m</div>[37m
          ÔòÁ                         [32m~~~~~~[0m

  Error occurs in the template of component 
ClientFormComponent.

    src/app/features/client-management/client-form/clien
t-form.component.ts:48:15:
[37m      48 Ôöé   templateUrl: 
[32m'./client-form.component.html'[37m,
         ÔòÁ                
[32m~~~~~~~~~~~~~~~~~~~~~~~~~~~~~~[0m


[31mX [41;31m[[41;97mERROR[41;31m][0m [1mNG5002: 
Unexpected closing tag "form". It may happen when the 
tag has already been closed by another tag. For more 
info see https://www.w3.org/TR/html5/syntax.html#closing
-elements-that-have-implied-end-tags[0m 
[1m[35m[plugin angular-compiler][0m

    src/app/features/client-management/client-form/clien
t-form.component.html:449:12:
[37m      449 Ôöé             [32m</form>[37m
          ÔòÁ             [32m~~~~~~~[0m

  Error occurs in the template of component 
ClientFormComponent.

    src/app/features/client-management/client-form/clien
t-form.component.ts:48:15:
[37m      48 Ôöé   templateUrl: 
[32m'./client-form.component.html'[37m,
         ÔòÁ                
[32m~~~~~~~~~~~~~~~~~~~~~~~~~~~~~~[0m


[31mX [41;31m[[41;97mERROR[41;31m][0m [1mNG5002: 
Unexpected closing tag "mat-card-content". It may 
happen when the tag has already been closed by another 
tag. For more info see https://www.w3.org/TR/html5/synta
x.html#closing-elements-that-have-implied-end-tags[0m 
[1m[35m[plugin angular-compiler][0m

    src/app/features/client-management/client-form/clien
t-form.component.html:450:8:
[37m      450 Ôöé         [32m</mat-card-content>[37m
          ÔòÁ         [32m~~~~~~~~~~~~~~~~~~~[0m

  Error occurs in the template of component 
ClientFormComponent.

    src/app/features/client-management/client-form/clien
t-form.component.ts:48:15:
[37m      48 Ôöé   templateUrl: 
[32m'./client-form.component.html'[37m,
         ÔòÁ                
[32m~~~~~~~~~~~~~~~~~~~~~~~~~~~~~~[0m


[31mX [41;31m[[41;97mERROR[41;31m][0m [1mNG5002: 
Unexpected closing tag "mat-card". It may happen when 
the tag has already been closed by another tag. For 
more info see https://www.w3.org/TR/html5/syntax.html#cl
osing-elements-that-have-implied-end-tags[0m 
[1m[35m[plugin angular-compiler][0m

    src/app/features/client-management/client-form/clien
t-form.component.html:451:4:
[37m      451 Ôöé     [32m</mat-card>[37m
          ÔòÁ     [32m~~~~~~~~~~~[0m

  Error occurs in the template of component 
ClientFormComponent.

    src/app/features/client-management/client-form/clien
t-form.component.ts:48:15:
[37m      48 Ôöé   templateUrl: 
[32m'./client-form.component.html'[37m,
         ÔòÁ                
[32m~~~~~~~~~~~~~~~~~~~~~~~~~~~~~~[0m


[31mX [41;31m[[41;97mERROR[41;31m][0m [1mNG5002: 
Unexpected closing tag "div". It may happen when the 
tag has already been closed by another tag. For more 
info see https://www.w3.org/TR/html5/syntax.html#closing
-elements-that-have-implied-end-tags[0m 
[1m[35m[plugin angular-compiler][0m

    src/app/features/client-management/client-form/clien
t-form.component.html:452:0:
[37m      452 Ôöé [32m</div>[37m
          ÔòÁ [32m~~~~~~[0m

  Error occurs in the template of component 
ClientFormComponent.

    src/app/features/client-management/client-form/clien
t-form.component.ts:48:15:
[37m      48 Ôöé   templateUrl: 
[32m'./client-form.component.html'[37m,
         ÔòÁ                
[32m~~~~~~~~~~~~~~~~~~~~~~~~~~~~~~[0m

[39m[22m
