Application bundle generation failed. [26.387 seconds] - 2025-12-20T14:02:54.732Z

node.exe : [1m[31m[31mX 
[41;31m[[41;97mERROR[41;31m][0m [1mTS2367: This 
comparison appears to be unintentional because the types 
'ProductStatus' and '"DISPONIBLE"' have no overlap.[0m 
[1m[35m[plugin angular-compiler][0m
Au caractère Ligne:1 : 1
+ & "C:\Program Files\nodejs/node.exe" "C:\Program 
Files\nodejs/node_mo ...
+ ~~~~~~~~~~~~~~~~~~~~~~~~~~~~~~~~~~~~~~~~~~~~~~~~~~~~~~~~
~~~~~~~~~~~~~
    + CategoryInfo          : NotSpecified: ([1m[31m[3 
   1mX...r-compiler][0m:String) [], RemoteException
    + FullyQualifiedErrorId : NativeCommandError
 

    src/app/features/client-management/fiches/monture-form
/monture-form.component.ts:319:52:
[37m      319 Ôöé ...nst allReceived = products.every(p 
=> [32mp.statut === 'DISPONIBLE'[37m);
          ÔòÁ                                          
[32m~~~~~~~~~~~~~~~~~~~~~~~~~[0m

[39m[22m
